// Jest Snapshot v1, https://goo.gl/fbAQLP

exports[`Menu render Menu 1`] = `<Menu />`;
