// Jest Snapshot v1, https://goo.gl/fbAQLP

exports[`Mobile Footer render Mobile Footer 1`] = `<Footer />`;
