// Jest Snapshot v1, https://goo.gl/fbAQLP

exports[`Test Login render Test Login 1`] = `<UserLogin />`;
