// Jest Snapshot v1, https://goo.gl/fbAQLP

exports[`Test Sign Up render Test Sign Up 1`] = `<UserSign />`;
